<html>
<body>
<pre>
<h1>µVision Build Log</h1>
<h2>Tool Versions:</h2>
IDE-Version: ¦ÌVision V5.36.0.0
Copyright (C) 2021 ARM Ltd and ARM Germany GmbH. All rights reserved.
License Information: JA JA, JA, LIC=21E4T-RSJ4F-Z9PG9-44MB4-E1BVU-U7P4X
 
Tool Versions:
Toolchain:       MDK-ARM Plus  Version: 5.36.0.0
Toolchain Path:  D:\MDK5.36\ARM\ARMCC\Bin
C Compiler:      Armcc.exe V5.06 update 7 (build 960)
Assembler:       Armasm.exe V5.06 update 7 (build 960)
Linker/Locator:  ArmLink.exe V5.06 update 7 (build 960)
Library Manager: ArmAr.exe V5.06 update 7 (build 960)
Hex Converter:   FromElf.exe V5.06 update 7 (build 960)
CPU DLL:         SARMCM3.DLL V5.36.0.0
Dialog DLL:      DCM.DLL V1.17.3.0
Target DLL:      Segger\JL2CM3.dll V2.99.40.0
Dialog DLL:      TCM.DLL V1.53.0.0
 
<h2>Project:</h2>
D:\GBQ\CODE\LidarCalibrator\MDK-ARM\LidarCalibrator.uvprojx
Project File Date:  01/20/2025

<h2>Output:</h2>
*** Using Compiler 'V5.06 update 7 (build 960)', folder: 'D:\MDK5.36\ARM\ARMCC\Bin'
Rebuild target 'LidarCalibrator'
assembling startup_stm32h750xx.s...
compiling gpio.c...
compiling dac.c...
compiling tim.c...
compiling usart.c...
compiling spi.c...
compiling freertos.c...
compiling memorymap.c...
compiling main.c...
compiling stm32h7xx_hal_msp.c...
compiling stm32h7xx_it.c...
compiling stm32h7xx_hal_timebase_tim.c...
compiling stm32h7xx_hal_tim_ex.c...
compiling stm32h7xx_hal_cortex.c...
compiling stm32h7xx_hal_rcc.c...
compiling stm32h7xx_hal_tim.c...
compiling stm32h7xx_hal_rcc_ex.c...
compiling stm32h7xx_hal_flash_ex.c...
compiling stm32h7xx_hal_flash.c...
compiling stm32h7xx_hal_hsem.c...
compiling stm32h7xx_hal_gpio.c...
compiling stm32h7xx_hal_mdma.c...
compiling stm32h7xx_hal_pwr.c...
compiling stm32h7xx_hal_dma_ex.c...
compiling stm32h7xx_hal_dma.c...
compiling stm32h7xx_hal_pwr_ex.c...
compiling stm32h7xx_hal.c...
compiling stm32h7xx_hal_exti.c...
compiling croutine.c...
compiling event_groups.c...
compiling stm32h7xx_hal_spi_ex.c...
compiling list.c...
compiling stm32h7xx_hal_spi.c...
compiling stm32h7xx_hal_i2c_ex.c...
compiling queue.c...
compiling stream_buffer.c...
compiling tasks.c...
compiling timers.c...
compiling heap_4.c...
compiling stm32h7xx_hal_i2c.c...
compiling port.c...
compiling stm32h7xx_hal_uart.c...
compiling stm32h7xx_hal_uart_ex.c...
compiling system_stm32h7xx.c...
compiling cmsis_os2.c...
linking...
Program Size: Code=36880 RO-data=1232 RW-data=232 ZI-data=20976  
FromELF: creating hex file...
After Build - User command #1: fromelf --bin --output=LidarCalibrator\LidarCalibrator.bin LidarCalibrator\LidarCalibrator.axf
"LidarCalibrator\LidarCalibrator.axf" - 0 Error(s), 0 Warning(s).

<h2>Software Packages used:</h2>

Package Vendor: ARM
                http://www.keil.com/pack/ARM.CMSIS.5.8.0.pack
                ARM.CMSIS.5.8.0
                CMSIS (Common Microcontroller Software Interface Standard)
   * Component: CORE Version: 5.5.0

Package Vendor: Keil
                https://www.keil.com/pack/Keil.STM32H7xx_DFP.3.1.0.pack
                Keil.STM32H7xx_DFP.3.1.0
                STMicroelectronics STM32H7 Series Device Support and Examples

<h2>Collection of Component include folders:</h2>
  .\RTE\_LidarCalibrator
  D:\MDK5.36\Packs\ARM\CMSIS\5.8.0\CMSIS\Core\Include
  D:\MDK5.36\Packs\Keil\STM32H7xx_DFP\3.1.0\Drivers\CMSIS\Device\ST\STM32H7xx\Include

<h2>Collection of Component Files used:</h2>

   * Component: ARM::CMSIS:CORE:5.5.0
      Include file:  CMSIS\Core\Include\tz_context.h
Build Time Elapsed:  00:00:41
</pre>
</body>
</html>
